V3 3
FL /import/lab/esylab/esylab_06/Trung/project/ac_link/ac_link/ac_link.vhd 2016/01/08.17:56:04 O.61xd
EN work/ac_link 1452272170 \
      FL /import/lab/esylab/esylab_06/Trung/project/ac_link/ac_link/ac_link.vhd \
      PB ieee/std_logic_1164 1308643377 PB ieee/NUMERIC_STD 1308643378
AR work/ac_link/Behavioral 1452272171 \
      FL /import/lab/esylab/esylab_06/Trung/project/ac_link/ac_link/ac_link.vhd \
      EN work/ac_link 1452272170
